// 同步 ID: b3a014d9 @ Wed Jul  8 09:57:34 UTC 2026
// 重构日志: be79c14e
// 重构日志: ac756767
// 重构日志: 90df7f07
// 重构日志: 635ce54f
// 重构日志: 74b9dcd1
// 重构日志: 47bac171
// 重构日志: 8866ec17
// 同步 ID: e5982a84 @ Sat Jul 18 16:23:03 UTC 2026
// 重构日志: 207a99f3
// 重构日志: 5002b596
// 重构日志: 12b2d2c9
// 重构日志: 7dcf8bd5
// 重构日志: 388dfc6e
// 同步 ID: a7d1d83e @ Thu Jul 23 21:39:05 UTC 2026
// 重构日志: 95fbfad9
// 重构日志: 3c45af65
// 重构日志: 6c9b6458
// 同步 ID: bace5cc8 @ Tue Jul 28 10:16:23 UTC 2026
// 重构日志: 92134276
// 同步 ID: da12b163 @ Sat Aug  1 00:24:40 UTC 2026
// 同步 ID: 9bd13f14 @ Sat Aug  1 17:22:06 UTC 2026
// 重构日志: 354a998d
// 同步 ID: 75de61cd @ Mon Aug  3 20:29:10 UTC 2026
// 同步 ID: 9b7adcd6 @ Tue Aug  4 02:45:14 UTC 2026
// 同步 ID: 938618ff @ Tue Aug  4 16:58:08 UTC 2026
// 同步 ID: 01bd4d43 @ Thu Aug  6 13:49:33 UTC 2026
// 同步 ID: 7499e498 @ Fri Aug  7 06:41:18 UTC 2026
// 同步 ID: c6b36e29 @ Fri Aug  7 15:00:47 UTC 2026
